>>>OG0000000 - 140 / 184
>Distribution of taxa in OG:
     82 HSA
     39 CTE
     38 LLU
     19 LAN
      3 PAU
      2 NGE
      1 OBI
>IDs of best hits in OG:
     21 NLRC5
     19 NOD2
     17 NAL12
     15 NLRP3
     14 NOD1
     11 NAL14
      5 NLRP6
      5 BIRC1
      4 CASP2
      3 NLRP9
      3 NLRC4
      3 NL1B2
      2 NAL13
      2 NAL10
      2 CX038
      1 NLRP1
      1 NLRC3
      1 NL1B5
      1 NL1B1
      1 NALP5
      1 NALP4
      1 NALP2
      1 NAL4B
      1 IRLF
      1 ERN1
      1 DRONC
      1 DIAP2
      1 CASPE
      1 CASPA

>>>OG0000001 - 130 / 136
>Distribution of taxa in OG:
     21 MLI
     16 CVI
     12 NGE
     11 HSA
     10 MYE
      8 PYE
      8 PAU
      8 CGI
      7 LLU
      7 LAN
      6 CTE
      5 MPH
      4 LGI
      4 BPL
      4 BGL
      3 ACA
      2 OBI
>IDs of best hits in OG:
     69 NWD1
     57 NWD2
      1 YY46
      1 Y2124
      1 TTC41
      1 MDV1

>>>OG0000002 - 33 / 74
>Distribution of taxa in OG:
     40 CTE
      7 CVI
      6 MLI
      4 LAN
      4 CGI
      3 MYE
      2 PAU
      2 HSA
      1 PYE
      1 NGE
      1 MPH
      1 LGI
      1 BPL
      1 ACA
>IDs of best hits in OG:
     12 CASP2
      7 NALP4
      3 NLRP3
      3 NLRC4
      3 NLRC3
      3 NALP8
      1 NLRP9
      1 BIRC1

>>>OG0000003 - 59 / 64
>Distribution of taxa in OG:
     10 LAN
     10 CVI
      5 MPH
      4 NGE
      4 HSA
      4 CTE
      4 CGI
      4 BGL
      3 PAU
      3 MYE
      2 PYE
      2 OBI
      2 MLI
      2 LLU
      2 LGI
      2 BPL
      1 ACA
>IDs of best hits in OG:
     35 TEP1
     19 Y7407
      3 TTC41
      2 NPHP3

>>>OG0000004 - 19 / 19
>Distribution of taxa in OG:
      4 MYE
      4 CVI
      4 CGI
      3 LAN
      1 PYE
      1 PAU
      1 MPH
      1 MLI
>IDs of best hits in OG:
     13 NWD2
      3 WDR5A
      3 NWD1

>>>OG0000005 - 15 / 15
>Distribution of taxa in OG:
     10 CVI
      4 CGI
      1 CTE
>IDs of best hits in OG:
     15 TTC41

>>>OG0000006 - 4 / 13
>Distribution of taxa in OG:
      2 NGE
      2 LGI
      2 BPL
      2 BGL
      1 PYE
      1 PAU
      1 OBI
      1 MYE
      1 LLU
>IDs of best hits in OG:
      2 TEP1
      1 NWD2
      1 NWD1

>>>OG0000007 - 11 / 11
>Distribution of taxa in OG:
      2 NGE
      2 BGL
      1 PYE
      1 PAU
      1 OBI
      1 MYE
      1 MPH
      1 LGI
      1 BPL
>IDs of best hits in OG:
     11 NPHP3

>>>OG0000008 - 0 / 6
>Distribution of taxa in OG:
      6 CTE
>IDs of best hits in OG:

>>>OG0000009 - 3 / 5
>Distribution of taxa in OG:
      3 HSA
      2 NGE
>IDs of best hits in OG:
      3 NLRP6

>>>OG0000010 - 0 / 2
>Distribution of taxa in OG:
      1 LLU
      1 CTE
>IDs of best hits in OG:

>>>OG0000011 - 2 / 2
>Distribution of taxa in OG:
      2 HRO
>IDs of best hits in OG:
      1 TEP1
      1 NWD2

>>>OG0000012 - 1 / 2
>Distribution of taxa in OG:
      1 PAU
      1 NGE
>IDs of best hits in OG:
      1 PP4R1

>>>OG0000013 - 1 / 1
>Distribution of taxa in OG:
      1 BPL
>IDs of best hits in OG:
      1 OBSCN

>>>OG0000014 - 0 / 1
>Distribution of taxa in OG:
      1 BPL
>IDs of best hits in OG:

>>>OG0000015 - 0 / 1
>Distribution of taxa in OG:
      1 BPL
>IDs of best hits in OG:

>>>OG0000016 - 0 / 1
>Distribution of taxa in OG:
      1 CTE
>IDs of best hits in OG:

>>>OG0000017 - 1 / 1
>Distribution of taxa in OG:
      1 CTE
>IDs of best hits in OG:
      1 CASP2

>>>OG0000018 - 1 / 1
>Distribution of taxa in OG:
      1 CTE
>IDs of best hits in OG:
      1 CASP2

>>>OG0000019 - 1 / 1
>Distribution of taxa in OG:
      1 CTE
>IDs of best hits in OG:
      1 CASP2

>>>OG0000020 - 0 / 1
>Distribution of taxa in OG:
      1 CTE
>IDs of best hits in OG:

>>>OG0000021 - 0 / 1
>Distribution of taxa in OG:
      1 CTE
>IDs of best hits in OG:

>>>OG0000022 - 0 / 1
>Distribution of taxa in OG:
      1 CTE
>IDs of best hits in OG:

>>>OG0000023 - 0 / 1
>Distribution of taxa in OG:
      1 CTE
>IDs of best hits in OG:

>>>OG0000024 - 1 / 1
>Distribution of taxa in OG:
      1 HSA
>IDs of best hits in OG:
      1 C2TA

>>>OG0000025 - 1 / 1
>Distribution of taxa in OG:
      1 HSA
>IDs of best hits in OG:
      1 NLRP1

>>>OG0000026 - 1 / 1
>Distribution of taxa in OG:
      1 HSA
>IDs of best hits in OG:
      1 NALP7

>>>OG0000027 - 1 / 1
>Distribution of taxa in OG:
      1 HSA
>IDs of best hits in OG:
      1 NALP7

>>>OG0000028 - 1 / 1
>Distribution of taxa in OG:
      1 HSA
>IDs of best hits in OG:
      1 NALP7

>>>OG0000029 - 1 / 1
>Distribution of taxa in OG:
      1 HSA
>IDs of best hits in OG:
      1 NALP7

>>>OG0000030 - 1 / 1
>Distribution of taxa in OG:
      1 HSA
>IDs of best hits in OG:
      1 NLRX1

>>>OG0000031 - 1 / 1
>Distribution of taxa in OG:
      1 HSA
>IDs of best hits in OG:
      1 NLRX1

>>>OG0000032 - 1 / 1
>Distribution of taxa in OG:
      1 HSA
>IDs of best hits in OG:
      1 NLRX1

>>>OG0000033 - 1 / 1
>Distribution of taxa in OG:
      1 HSA
>IDs of best hits in OG:
      1 C2TA

>>>OG0000034 - 1 / 1
>Distribution of taxa in OG:
      1 HSA
>IDs of best hits in OG:
      1 NAL11

>>>OG0000035 - 1 / 1
>Distribution of taxa in OG:
      1 HSA
>IDs of best hits in OG:
      1 NALP8

>>>OG0000036 - 1 / 1
>Distribution of taxa in OG:
      1 HSA
>IDs of best hits in OG:
      1 NALP7

>>>OG0000037 - 1 / 1
>Distribution of taxa in OG:
      1 HSA
>IDs of best hits in OG:
      1 NLRP1

>>>OG0000038 - 1 / 1
>Distribution of taxa in OG:
      1 HSA
>IDs of best hits in OG:
      1 NALP7

>>>OG0000039 - 1 / 1
>Distribution of taxa in OG:
      1 HSA
>IDs of best hits in OG:
      1 NLRX1

>>>OG0000040 - 1 / 1
>Distribution of taxa in OG:
      1 HSA
>IDs of best hits in OG:
      1 NLRP1

>>>OG0000041 - 1 / 1
>Distribution of taxa in OG:
      1 HSA
>IDs of best hits in OG:
      1 NL1B1

>>>OG0000042 - 1 / 1
>Distribution of taxa in OG:
      1 HSA
>IDs of best hits in OG:
      1 NLRP1

>>>OG0000043 - 1 / 1
>Distribution of taxa in OG:
      1 HSA
>IDs of best hits in OG:
      1 NALP4

>>>OG0000044 - 1 / 1
>Distribution of taxa in OG:
      1 HSA
>IDs of best hits in OG:
      1 NALP7

>>>OG0000045 - 1 / 1
>Distribution of taxa in OG:
      1 HSA
>IDs of best hits in OG:
      1 NAL11

>>>OG0000046 - 1 / 1
>Distribution of taxa in OG:
      1 HSA
>IDs of best hits in OG:
      1 NALP5

>>>OG0000047 - 1 / 1
>Distribution of taxa in OG:
      1 HSA
>IDs of best hits in OG:
      1 NALP8

>>>OG0000048 - 1 / 1
>Distribution of taxa in OG:
      1 HSA
>IDs of best hits in OG:
      1 NLRC3

>>>OG0000049 - 1 / 1
>Distribution of taxa in OG:
      1 HSA
>IDs of best hits in OG:
      1 NALP7

>>>OG0000050 - 1 / 1
>Distribution of taxa in OG:
      1 HSA
>IDs of best hits in OG:
      1 NOD1

>>>OG0000051 - 1 / 1
>Distribution of taxa in OG:
      1 HSA
>IDs of best hits in OG:
      1 NLRX1

>>>OG0000052 - 1 / 1
>Distribution of taxa in OG:
      1 HSA
>IDs of best hits in OG:
      1 NLRX1

>>>OG0000053 - 1 / 1
>Distribution of taxa in OG:
      1 HSA
>IDs of best hits in OG:
      1 NLRX1

>>>OG0000054 - 1 / 1
>Distribution of taxa in OG:
      1 HSA
>IDs of best hits in OG:
      1 NLRX1

>>>OG0000055 - 1 / 1
>Distribution of taxa in OG:
      1 HSA
>IDs of best hits in OG:
      1 NLRX1

>>>OG0000056 - 1 / 1
>Distribution of taxa in OG:
      1 HSA
>IDs of best hits in OG:
      1 C2TA

>>>OG0000057 - 1 / 1
>Distribution of taxa in OG:
      1 HSA
>IDs of best hits in OG:
      1 NALP7

>>>OG0000058 - 1 / 1
>Distribution of taxa in OG:
      1 HSA
>IDs of best hits in OG:
      1 NALP7

>>>OG0000059 - 1 / 1
>Distribution of taxa in OG:
      1 HSA
>IDs of best hits in OG:
      1 C2TA

>>>OG0000060 - 1 / 1
>Distribution of taxa in OG:
      1 HSA
>IDs of best hits in OG:
      1 C2TA

>>>OG0000061 - 1 / 1
>Distribution of taxa in OG:
      1 HSA
>IDs of best hits in OG:
      1 C2TA

>>>OG0000062 - 1 / 1
>Distribution of taxa in OG:
      1 HSA
>IDs of best hits in OG:
      1 C2TA

>>>OG0000063 - 1 / 1
>Distribution of taxa in OG:
      1 HSA
>IDs of best hits in OG:
      1 C2TA

>>>OG0000064 - 1 / 1
>Distribution of taxa in OG:
      1 HSA
>IDs of best hits in OG:
      1 C2TA

>>>OG0000065 - 1 / 1
>Distribution of taxa in OG:
      1 HSA
>IDs of best hits in OG:
      1 C2TA

>>>OG0000066 - 1 / 1
>Distribution of taxa in OG:
      1 HSA
>IDs of best hits in OG:
      1 C2TA

>>>OG0000067 - 1 / 1
>Distribution of taxa in OG:
      1 HSA
>IDs of best hits in OG:
      1 C2TA

>>>OG0000068 - 1 / 1
>Distribution of taxa in OG:
      1 HSA
>IDs of best hits in OG:
      1 C2TA

>>>OG0000069 - 1 / 1
>Distribution of taxa in OG:
      1 HSA
>IDs of best hits in OG:
      1 C2TA

>>>OG0000070 - 1 / 1
>Distribution of taxa in OG:
      1 HSA
>IDs of best hits in OG:
      1 C2TA

>>>OG0000071 - 1 / 1
>Distribution of taxa in OG:
      1 HSA
>IDs of best hits in OG:
      1 C2TA

>>>OG0000072 - 1 / 1
>Distribution of taxa in OG:
      1 HSA
>IDs of best hits in OG:
      1 NALP7

>>>OG0000073 - 1 / 1
>Distribution of taxa in OG:
      1 HSA
>IDs of best hits in OG:
      1 NALP7

>>>OG0000074 - 1 / 1
>Distribution of taxa in OG:
      1 HSA
>IDs of best hits in OG:
      1 NALP7

>>>OG0000075 - 1 / 1
>Distribution of taxa in OG:
      1 HSA
>IDs of best hits in OG:
      1 NLRX1

>>>OG0000076 - 1 / 1
>Distribution of taxa in OG:
      1 HSA
>IDs of best hits in OG:
      1 NLRX1

>>>OG0000077 - 1 / 1
>Distribution of taxa in OG:
      1 HSA
>IDs of best hits in OG:
      1 NLRC3

>>>OG0000078 - 1 / 1
>Distribution of taxa in OG:
      1 HSA
>IDs of best hits in OG:
      1 NLRC3

>>>OG0000079 - 1 / 1
>Distribution of taxa in OG:
      1 HSA
>IDs of best hits in OG:
      1 NLRC3

>>>OG0000080 - 1 / 1
>Distribution of taxa in OG:
      1 HSA
>IDs of best hits in OG:
      1 NLRC3

>>>OG0000081 - 1 / 1
>Distribution of taxa in OG:
      1 HSA
>IDs of best hits in OG:
      1 NLRC3

>>>OG0000082 - 1 / 1
>Distribution of taxa in OG:
      1 HSA
>IDs of best hits in OG:
      1 NLRC3

>>>OG0000083 - 1 / 1
>Distribution of taxa in OG:
      1 HSA
>IDs of best hits in OG:
      1 NLRC3

>>>OG0000084 - 1 / 1
>Distribution of taxa in OG:
      1 HSA
>IDs of best hits in OG:
      1 NLRC3

>>>OG0000085 - 1 / 1
>Distribution of taxa in OG:
      1 HSA
>IDs of best hits in OG:
      1 NLRC3

>>>OG0000086 - 1 / 1
>Distribution of taxa in OG:
      1 HSA
>IDs of best hits in OG:
      1 NLRC3

>>>OG0000087 - 1 / 1
>Distribution of taxa in OG:
      1 HSA
>IDs of best hits in OG:
      1 NLRC3

>>>OG0000088 - 1 / 1
>Distribution of taxa in OG:
      1 HSA
>IDs of best hits in OG:
      1 NLRC3

>>>OG0000089 - 1 / 1
>Distribution of taxa in OG:
      1 HSA
>IDs of best hits in OG:
      1 NALP4

>>>OG0000090 - 1 / 1
>Distribution of taxa in OG:
      1 HSA
>IDs of best hits in OG:
      1 NALP4

>>>OG0000091 - 0 / 1
>Distribution of taxa in OG:
      1 HSA
>IDs of best hits in OG:

>>>OG0000092 - 1 / 1
>Distribution of taxa in OG:
      1 HSA
>IDs of best hits in OG:
      1 C2TA

>>>OG0000093 - 1 / 1
>Distribution of taxa in OG:
      1 HSA
>IDs of best hits in OG:
      1 C2TA

