>>>OG0000000 - 882 / 927
>Distribution of taxa in OG:
    160 CVI
    117 MPH
     99 BPL
     79 CGI
     73 LAN
     55 CTE
     50 HSA
     44 MYE
     43 LLU
     43 BGL
     34 PYE
     34 LGI
     32 PAU
     30 ACA
     13 NGE
     12 OBI
      9 HRO
>IDs of best hits in OG:
    289 TLR4
    137 TLR2
     82 TOLL8
     55 TLR6
     38 TLR3
     36 TLR13
     32 TLR21
     31 TOLL
     26 TLR1
     23 TLR5
     20 TLR7
     14 TLR8
     13 TLR10
      8 TLR22
      7 TOLL6
      5 SLIT3
      5 SLIT1
      4 SLIT
      4 LRIG1
      3 SLIT2
      3 LRRT3
      3 LRC15
      3 LIG1B
      2 TLR11
      2 RLP46
      2 CPN2
      2 CHAO
      1 Y5694
      1 VASN
      1 TRRAP
      1 TRIL
      1 TOLL7
      1 TCAM2
      1 RXFP2
      1 PRELP
      1 PLIB
      1 PGS1
      1 OMD
      1 LRTM1
      1 LRRT4
      1 LRIQ4
      1 LRIG3
      1 LRC4B
      1 LPP60
      1 LIGO3
      1 LGR6
      1 LGR5
      1 LGR4
      1 LET4
      1 INT10
      1 IL1AP
      1 IL18R
      1 GP1BA
      1 FLII
      1 ATK
      1 ASPN
      1 ANR65
      1 ANR44
      1 ANK2
      1 ALS

>>>OG0000001 - 9 / 171
>Distribution of taxa in OG:
     22 CVI
     22 CGI
     18 MLI
     13 LLU
     12 NGE
     12 MPH
     10 MYE
      9 LAN
      9 BPL
      7 PAU
      7 LGI
      6 OBI
      5 PYE
      5 ACA
      4 CTE
      4 BGL
      3 SMA
      2 SME
      1 HRO
>IDs of best hits in OG:
      7 VAC8
      1 PUB11
      1 ACES

>>>OG0000002 - 21 / 90
>Distribution of taxa in OG:
     16 MYE
      9 CVI
      8 MPH
      8 CGI
      8 BGL
      7 PYE
      7 CTE
      5 MLI
      5 LGI
      4 BPL
      4 ACA
      2 PAU
      2 LLU
      1 SME
      1 OBI
      1 NGE
      1 LAN
      1 HRO
>IDs of best hits in OG:
      8 PATS1
      5 YAP1
      4 ROCO6
      2 NEU1B
      1 NEUR
      1 NEUL1

>>>OG0000003 - 45 / 72
>Distribution of taxa in OG:
     12 CGI
     10 HSA
      9 MYE
      6 PYE
      6 MPH
      6 CVI
      5 BGL
      4 BPL
      2 PAU
      2 NGE
      2 MLI
      2 LLU
      1 OBI
      1 LGI
      1 LAN
      1 HRO
      1 CTE
      1 ACA
>IDs of best hits in OG:
     38 MYD88
      7 IL18R

>>>OG0000004 - 37 / 70
>Distribution of taxa in OG:
     20 CVI
     12 CGI
     10 MYE
      7 LAN
      5 BPL
      4 HSA
      4 CTE
      3 PYE
      3 LLU
      2 MPH
>IDs of best hits in OG:
     27 STING
      4 TOLL8
      4 TIRAP
      1 TLR2
      1 IRLF

>>>OG0000005 - 58 / 67
>Distribution of taxa in OG:
     11 MYE
     10 NGE
     10 CVI
      7 LAN
      5 MLI
      4 PYE
      4 MPH
      4 CGI
      4 BGL
      3 ACA
      2 PAU
      2 LLU
      1 LGI
>IDs of best hits in OG:
     56 PATS1
      2 ROCO4

>>>OG0000006 - 36 / 52
>Distribution of taxa in OG:
     24 MPH
      6 PYE
      6 CGI
      6 BPL
      5 MYE
      4 CVI
      1 LGI
>IDs of best hits in OG:
      6 SLIT
      4 SLIT3
      3 SLIT1
      3 PP1R7
      2 TOLL8
      2 LRTM2
      2 LRRD1
      2 ATK
      1 TOLL6
      1 SUR8
      1 SLIT2
      1 PKD1
      1 LRIG2
      1 LRFN5
      1 LRC40
      1 LRC15
      1 IGS10
      1 GR101
      1 CPN2
      1 CHADL

>>>OG0000007 - 51 / 51
>Distribution of taxa in OG:
     14 LAN
      7 CGI
      4 BGL
      3 MYE
      3 MLI
      2 PYE
      2 LGI
      2 CVI
      2 BPL
      2 ACA
      1 SME
      1 SMA
      1 PAU
      1 OBI
      1 NGE
      1 MPH
      1 LLU
      1 HSA
      1 HRO
      1 CTE
>IDs of best hits in OG:
     51 SARM1

>>>OG0000008 - 44 / 47
>Distribution of taxa in OG:
      7 HSA
      5 LAN
      5 BGL
      4 MYE
      4 MPH
      3 PYE
      3 LGI
      3 CVI
      3 CTE
      3 CGI
      3 BPL
      2 OBI
      1 PAU
      1 ACA
>IDs of best hits in OG:
     16 TOLL
      9 TLR4
      8 IL1AP
      4 TOLL8
      3 TOLL6
      1 TLR6
      1 TLR21
      1 TLR1
      1 IL18R

>>>OG0000009 - 12 / 43
>Distribution of taxa in OG:
     10 MYE
      5 CVI
      5 CGI
      4 NGE
      4 LAN
      3 PYE
      2 MLI
      2 LLU
      2 LGI
      2 BPL
      1 OBI
      1 MPH
      1 CTE
      1 ACA
>IDs of best hits in OG:
     12 TIRA

>>>OG0000010 - 28 / 29
>Distribution of taxa in OG:
      6 HSA
      5 CGI
      3 PYE
      2 MYE
      2 MPH
      2 LLU
      2 LAN
      2 CVI
      1 PAU
      1 OBI
      1 NGE
      1 LGI
      1 BPL
>IDs of best hits in OG:
      6 TLR3
      5 CD180
      4 TLR8
      4 TLR4
      2 SLIT2
      1 TLR7
      1 TLR5
      1 LRIG1
      1 LRC15
      1 FLRT1
      1 CPN2
      1 CONN

>>>OG0000011 - 1 / 26
>Distribution of taxa in OG:
      4 CGI
      3 CVI
      2 OBI
      2 NGE
      2 MPH
      2 MLI
      2 BGL
      2 ACA
      1 PYE
      1 MYE
      1 LLU
      1 LGI
      1 LAN
      1 CTE
      1 BPL
>IDs of best hits in OG:
      1 TIRA

>>>OG0000012 - 0 / 23
>Distribution of taxa in OG:
      3 NGE
      3 CVI
      2 PAU
      2 MLI
      2 LAN
      2 ACA
      1 PYE
      1 OBI
      1 MYE
      1 MPH
      1 LGI
      1 CTE
      1 CGI
      1 BPL
      1 BGL
>IDs of best hits in OG:

>>>OG0000013 - 19 / 22
>Distribution of taxa in OG:
     19 HSA
      1 NGE
      1 LAN
      1 ACA
>IDs of best hits in OG:
      8 SIGIR
      6 IL1R1
      2 IRPL2
      2 IRL1B
      1 IRPL1

>>>OG0000014 - 20 / 22
>Distribution of taxa in OG:
      6 CVI
      4 MYE
      3 PYE
      3 CGI
      1 PAU
      1 OBI
      1 MPH
      1 LAN
      1 HRO
      1 BPL
>IDs of best hits in OG:
      3 TOLL
      3 LRC15
      2 SLIT1
      2 GPV
      2 CPN2
      2 ALS
      1 TOLL8
      1 TOLL6
      1 LRR70
      1 LRIG2
      1 LIGO1
      1 CHAO

>>>OG0000015 - 0 / 17
>Distribution of taxa in OG:
      3 MLI
      2 MYE
      1 PYE
      1 PAU
      1 NGE
      1 MPH
      1 LLU
      1 LGI
      1 LAN
      1 CVI
      1 CTE
      1 CGI
      1 BGL
      1 ACA
>IDs of best hits in OG:

>>>OG0000016 - 3 / 17
>Distribution of taxa in OG:
      6 CVI
      3 LAN
      2 MPH
      2 CGI
      1 PYE
      1 MYE
      1 CTE
      1 BPL
>IDs of best hits in OG:
      2 TLR4
      1 ANK1

>>>OG0000017 - 14 / 15
>Distribution of taxa in OG:
      4 MYE
      2 PYE
      2 MPH
      2 CVI
      2 CGI
      2 BPL
      1 LGI
>IDs of best hits in OG:
      3 VASN
      3 TOLL
      2 LRIG2
      1 SLIT2
      1 SLIT1
      1 PLIB
      1 LGI4
      1 CHAO
      1 CHAD

>>>OG0000018 - 11 / 11
>Distribution of taxa in OG:
      7 MYE
      2 PYE
      2 BPL
>IDs of best hits in OG:
      6 TLR3
      3 TLR13
      2 TLR4

>>>OG0000019 - 10 / 10
>Distribution of taxa in OG:
      9 MYE
      1 PYE
>IDs of best hits in OG:
     10 TLR13

>>>OG0000020 - 5 / 9
>Distribution of taxa in OG:
      5 ACA
      2 HSA
      2 BGL
>IDs of best hits in OG:
      2 ILRL1
      1 TLR9
      1 SLIT3
      1 LRRN1

>>>OG0000021 - 2 / 8
>Distribution of taxa in OG:
      1 PYE
      1 NGE
      1 MYE
      1 LLU
      1 CTE
      1 CGI
      1 BGL
      1 ACA
>IDs of best hits in OG:
      1 TLR6
      1 TLR1

>>>OG0000022 - 0 / 8
>Distribution of taxa in OG:
      2 LGI
      2 CVI
      2 CGI
      1 MPH
      1 BPL
>IDs of best hits in OG:

>>>OG0000023 - 0 / 8
>Distribution of taxa in OG:
      5 CGI
      3 CVI
>IDs of best hits in OG:

>>>OG0000024 - 6 / 8
>Distribution of taxa in OG:
      8 LLU
>IDs of best hits in OG:
      3 TOLL7
      1 SMA10
      1 ROC11
      1 ALS

>>>OG0000025 - 7 / 7
>Distribution of taxa in OG:
      6 BPL
      1 MPH
>IDs of best hits in OG:
      6 TLR2
      1 LRC15

>>>OG0000026 - 1 / 7
>Distribution of taxa in OG:
      3 CGI
      2 MYE
      1 PYE
      1 CVI
>IDs of best hits in OG:
      1 Y1345

>>>OG0000027 - 6 / 6
>Distribution of taxa in OG:
      3 MPH
      3 BPL
>IDs of best hits in OG:
      4 TLR2
      1 TLR6
      1 TLR1

>>>OG0000028 - 0 / 6
>Distribution of taxa in OG:
      4 MYE
      1 PYE
      1 MPH
>IDs of best hits in OG:

>>>OG0000029 - 5 / 5
>Distribution of taxa in OG:
      3 MYE
      1 PYE
      1 BPL
>IDs of best hits in OG:
      5 ATK

>>>OG0000030 - 5 / 5
>Distribution of taxa in OG:
      4 CVI
      1 CGI
>IDs of best hits in OG:
      5 TLR4

>>>OG0000031 - 0 / 5
>Distribution of taxa in OG:
      2 NGE
      2 MLI
      1 PAU
>IDs of best hits in OG:

>>>OG0000032 - 0 / 5
>Distribution of taxa in OG:
      4 MYE
      1 PYE
>IDs of best hits in OG:

>>>OG0000033 - 2 / 4
>Distribution of taxa in OG:
      1 LAN
      1 HSA
      1 CGI
      1 BGL
>IDs of best hits in OG:
      1 TLR2
      1 SIGIR

>>>OG0000034 - 1 / 4
>Distribution of taxa in OG:
      2 NGE
      1 CVI
      1 CGI
>IDs of best hits in OG:
      1 SCN1A

>>>OG0000035 - 0 / 4
>Distribution of taxa in OG:
      2 PYE
      2 MYE
>IDs of best hits in OG:

>>>OG0000036 - 4 / 4
>Distribution of taxa in OG:
      3 MYE
      1 PYE
>IDs of best hits in OG:
      4 TLR4

>>>OG0000037 - 4 / 4
>Distribution of taxa in OG:
      2 PYE
      2 MYE
>IDs of best hits in OG:
      2 TLR6
      2 TLR2

>>>OG0000038 - 1 / 3
>Distribution of taxa in OG:
      2 MPH
      1 BPL
>IDs of best hits in OG:
      1 TLR4

>>>OG0000039 - 2 / 3
>Distribution of taxa in OG:
      2 MPH
      1 BPL
>IDs of best hits in OG:
      2 TLR2

>>>OG0000040 - 3 / 3
>Distribution of taxa in OG:
      2 MPH
      1 BPL
>IDs of best hits in OG:
      3 TLR3

>>>OG0000041 - 0 / 3
>Distribution of taxa in OG:
      2 CGI
      1 MPH
>IDs of best hits in OG:

>>>OG0000042 - 0 / 3
>Distribution of taxa in OG:
      2 CVI
      1 CGI
>IDs of best hits in OG:

>>>OG0000043 - 0 / 3
>Distribution of taxa in OG:
      2 MLI
      1 PAU
>IDs of best hits in OG:

>>>OG0000044 - 3 / 3
>Distribution of taxa in OG:
      2 MYE
      1 PYE
>IDs of best hits in OG:
      3 TLR13

>>>OG0000045 - 3 / 3
>Distribution of taxa in OG:
      3 MPH
>IDs of best hits in OG:
      2 TOLL6
      1 LGR4

>>>OG0000046 - 2 / 2
>Distribution of taxa in OG:
      1 MPH
      1 BPL
>IDs of best hits in OG:
      1 TLR21
      1 TLR2

>>>OG0000047 - 2 / 2
>Distribution of taxa in OG:
      1 MPH
      1 BPL
>IDs of best hits in OG:
      2 TLR4

>>>OG0000048 - 2 / 2
>Distribution of taxa in OG:
      1 MPH
      1 BPL
>IDs of best hits in OG:
      1 DIAP2
      1 BIRC7

>>>OG0000049 - 2 / 2
>Distribution of taxa in OG:
      1 HSA
      1 BGL
>IDs of best hits in OG:
      1 UD11
      1 TCAM2

>>>OG0000050 - 2 / 2
>Distribution of taxa in OG:
      1 CVI
      1 CGI
>IDs of best hits in OG:
      2 TLR4

>>>OG0000051 - 2 / 2
>Distribution of taxa in OG:
      1 CVI
      1 CGI
>IDs of best hits in OG:
      2 TLR4

>>>OG0000052 - 2 / 2
>Distribution of taxa in OG:
      1 CVI
      1 CGI
>IDs of best hits in OG:
      2 TLR4

>>>OG0000053 - 1 / 2
>Distribution of taxa in OG:
      1 LAN
      1 CVI
>IDs of best hits in OG:
      1 TLR4

>>>OG0000054 - 0 / 2
>Distribution of taxa in OG:
      1 MPH
      1 CVI
>IDs of best hits in OG:

>>>OG0000055 - 0 / 2
>Distribution of taxa in OG:
      2 LAN
>IDs of best hits in OG:

>>>OG0000056 - 2 / 2
>Distribution of taxa in OG:
      1 PYE
      1 MYE
>IDs of best hits in OG:
      2 TLR13

>>>OG0000057 - 2 / 2
>Distribution of taxa in OG:
      1 PYE
      1 MYE
>IDs of best hits in OG:
      2 TOLL

>>>OG0000058 - 1 / 1
>Distribution of taxa in OG:
      1 ACA
>IDs of best hits in OG:
      1 VASN

>>>OG0000059 - 0 / 1
>Distribution of taxa in OG:
      1 ACA
>IDs of best hits in OG:

>>>OG0000060 - 1 / 1
>Distribution of taxa in OG:
      1 ACA
>IDs of best hits in OG:
      1 SLIT

>>>OG0000061 - 1 / 1
>Distribution of taxa in OG:
      1 ACA
>IDs of best hits in OG:
      1 SLIT

>>>OG0000062 - 1 / 1
>Distribution of taxa in OG:
      1 BPL
>IDs of best hits in OG:
      1 TLR2

>>>OG0000063 - 1 / 1
>Distribution of taxa in OG:
      1 BPL
>IDs of best hits in OG:
      1 TLR2

>>>OG0000064 - 0 / 1
>Distribution of taxa in OG:
      1 BPL
>IDs of best hits in OG:

>>>OG0000065 - 0 / 1
>Distribution of taxa in OG:
      1 BPL
>IDs of best hits in OG:

>>>OG0000066 - 0 / 1
>Distribution of taxa in OG:
      1 BPL
>IDs of best hits in OG:

>>>OG0000067 - 1 / 1
>Distribution of taxa in OG:
      1 BPL
>IDs of best hits in OG:
      1 TLR21

>>>OG0000068 - 1 / 1
>Distribution of taxa in OG:
      1 BPL
>IDs of best hits in OG:
      1 TLR13

>>>OG0000069 - 1 / 1
>Distribution of taxa in OG:
      1 BPL
>IDs of best hits in OG:
      1 TLR21

>>>OG0000070 - 0 / 1
>Distribution of taxa in OG:
      1 BPL
>IDs of best hits in OG:

>>>OG0000071 - 1 / 1
>Distribution of taxa in OG:
      1 BPL
>IDs of best hits in OG:
      1 LRC15

>>>OG0000072 - 1 / 1
>Distribution of taxa in OG:
      1 BPL
>IDs of best hits in OG:
      1 TLR21

>>>OG0000073 - 1 / 1
>Distribution of taxa in OG:
      1 BPL
>IDs of best hits in OG:
      1 TLR2

>>>OG0000074 - 1 / 1
>Distribution of taxa in OG:
      1 BPL
>IDs of best hits in OG:
      1 TLR2

>>>OG0000075 - 1 / 1
>Distribution of taxa in OG:
      1 BPL
>IDs of best hits in OG:
      1 TLR21

>>>OG0000076 - 1 / 1
>Distribution of taxa in OG:
      1 BPL
>IDs of best hits in OG:
      1 TLR4

>>>OG0000077 - 1 / 1
>Distribution of taxa in OG:
      1 BPL
>IDs of best hits in OG:
      1 TLR21

>>>OG0000078 - 0 / 1
>Distribution of taxa in OG:
      1 BPL
>IDs of best hits in OG:

>>>OG0000079 - 1 / 1
>Distribution of taxa in OG:
      1 BPL
>IDs of best hits in OG:
      1 TLR2

>>>OG0000080 - 1 / 1
>Distribution of taxa in OG:
      1 BPL
>IDs of best hits in OG:
      1 SLIT1

>>>OG0000081 - 1 / 1
>Distribution of taxa in OG:
      1 BPL
>IDs of best hits in OG:
      1 TLR7

>>>OG0000082 - 1 / 1
>Distribution of taxa in OG:
      1 BPL
>IDs of best hits in OG:
      1 SLIT1

>>>OG0000083 - 1 / 1
>Distribution of taxa in OG:
      1 BPL
>IDs of best hits in OG:
      1 TLR4

>>>OG0000084 - 1 / 1
>Distribution of taxa in OG:
      1 BPL
>IDs of best hits in OG:
      1 SLIT1

>>>OG0000085 - 0 / 1
>Distribution of taxa in OG:
      1 BPL
>IDs of best hits in OG:

>>>OG0000086 - 1 / 1
>Distribution of taxa in OG:
      1 BPL
>IDs of best hits in OG:
      1 PGS2

>>>OG0000087 - 0 / 1
>Distribution of taxa in OG:
      1 BPL
>IDs of best hits in OG:

>>>OG0000088 - 1 / 1
>Distribution of taxa in OG:
      1 BPL
>IDs of best hits in OG:
      1 TLR2

>>>OG0000089 - 1 / 1
>Distribution of taxa in OG:
      1 BPL
>IDs of best hits in OG:
      1 TLR2

>>>OG0000090 - 0 / 1
>Distribution of taxa in OG:
      1 BPL
>IDs of best hits in OG:

>>>OG0000091 - 0 / 1
>Distribution of taxa in OG:
      1 CTE
>IDs of best hits in OG:

>>>OG0000092 - 0 / 1
>Distribution of taxa in OG:
      1 CGI
>IDs of best hits in OG:

>>>OG0000093 - 0 / 1
>Distribution of taxa in OG:
      1 CGI
>IDs of best hits in OG:

>>>OG0000094 - 0 / 1
>Distribution of taxa in OG:
      1 CVI
>IDs of best hits in OG:

>>>OG0000095 - 1 / 1
>Distribution of taxa in OG:
      1 CVI
>IDs of best hits in OG:
      1 TLR4

>>>OG0000096 - 1 / 1
>Distribution of taxa in OG:
      1 CVI
>IDs of best hits in OG:
      1 TLR4

>>>OG0000097 - 1 / 1
>Distribution of taxa in OG:
      1 CVI
>IDs of best hits in OG:
      1 TLR4

>>>OG0000098 - 1 / 1
>Distribution of taxa in OG:
      1 CVI
>IDs of best hits in OG:
      1 TLR4

>>>OG0000099 - 0 / 1
>Distribution of taxa in OG:
      1 CVI
>IDs of best hits in OG:

>>>OG0000100 - 1 / 1
>Distribution of taxa in OG:
      1 CVI
>IDs of best hits in OG:
      1 TLR4

>>>OG0000101 - 1 / 1
>Distribution of taxa in OG:
      1 CVI
>IDs of best hits in OG:
      1 TLR4

>>>OG0000102 - 1 / 1
>Distribution of taxa in OG:
      1 CVI
>IDs of best hits in OG:
      1 TLR4

>>>OG0000103 - 1 / 1
>Distribution of taxa in OG:
      1 CVI
>IDs of best hits in OG:
      1 NOTC1

>>>OG0000104 - 1 / 1
>Distribution of taxa in OG:
      1 CVI
>IDs of best hits in OG:
      1 TLR4

>>>OG0000105 - 1 / 1
>Distribution of taxa in OG:
      1 CVI
>IDs of best hits in OG:
      1 TRPM2

>>>OG0000106 - 1 / 1
>Distribution of taxa in OG:
      1 HSA
>IDs of best hits in OG:
      1 IL1R1

>>>OG0000107 - 1 / 1
>Distribution of taxa in OG:
      1 HSA
>IDs of best hits in OG:
      1 IL1R1

>>>OG0000108 - 1 / 1
>Distribution of taxa in OG:
      1 HSA
>IDs of best hits in OG:
      1 IL1R1

>>>OG0000109 - 1 / 1
>Distribution of taxa in OG:
      1 HSA
>IDs of best hits in OG:
      1 ILRL2

>>>OG0000110 - 1 / 1
>Distribution of taxa in OG:
      1 HSA
>IDs of best hits in OG:
      1 ILRL2

>>>OG0000111 - 1 / 1
>Distribution of taxa in OG:
      1 HSA
>IDs of best hits in OG:
      1 ILRL2

>>>OG0000112 - 1 / 1
>Distribution of taxa in OG:
      1 HSA
>IDs of best hits in OG:
      1 ILRL2

>>>OG0000113 - 1 / 1
>Distribution of taxa in OG:
      1 HSA
>IDs of best hits in OG:
      1 ILRL2

>>>OG0000114 - 1 / 1
>Distribution of taxa in OG:
      1 HSA
>IDs of best hits in OG:
      1 I18RA

>>>OG0000115 - 1 / 1
>Distribution of taxa in OG:
      1 HSA
>IDs of best hits in OG:
      1 ILRL2

>>>OG0000116 - 1 / 1
>Distribution of taxa in OG:
      1 HSA
>IDs of best hits in OG:
      1 TLR9

>>>OG0000117 - 1 / 1
>Distribution of taxa in OG:
      1 HSA
>IDs of best hits in OG:
      1 IL1R1

>>>OG0000118 - 1 / 1
>Distribution of taxa in OG:
      1 HSA
>IDs of best hits in OG:
      1 IL1R1

>>>OG0000119 - 1 / 1
>Distribution of taxa in OG:
      1 HSA
>IDs of best hits in OG:
      1 ILRL2

>>>OG0000120 - 1 / 1
>Distribution of taxa in OG:
      1 HSA
>IDs of best hits in OG:
      1 ILRL2

>>>OG0000121 - 1 / 1
>Distribution of taxa in OG:
      1 HSA
>IDs of best hits in OG:
      1 IL1R1

>>>OG0000122 - 1 / 1
>Distribution of taxa in OG:
      1 HSA
>IDs of best hits in OG:
      1 IL1R1

>>>OG0000123 - 1 / 1
>Distribution of taxa in OG:
      1 HSA
>IDs of best hits in OG:
      1 IL1R1

>>>OG0000124 - 1 / 1
>Distribution of taxa in OG:
      1 HSA
>IDs of best hits in OG:
      1 IL1R1

>>>OG0000125 - 1 / 1
>Distribution of taxa in OG:
      1 HSA
>IDs of best hits in OG:
      1 I18RA

>>>OG0000126 - 1 / 1
>Distribution of taxa in OG:
      1 HSA
>IDs of best hits in OG:
      1 I18RA

>>>OG0000127 - 1 / 1
>Distribution of taxa in OG:
      1 HSA
>IDs of best hits in OG:
      1 ILRL2

>>>OG0000128 - 1 / 1
>Distribution of taxa in OG:
      1 HSA
>IDs of best hits in OG:
      1 ILRL2

>>>OG0000129 - 1 / 1
>Distribution of taxa in OG:
      1 HSA
>IDs of best hits in OG:
      1 ILRL2

>>>OG0000130 - 1 / 1
>Distribution of taxa in OG:
      1 HSA
>IDs of best hits in OG:
      1 ILRL2

>>>OG0000131 - 1 / 1
>Distribution of taxa in OG:
      1 HSA
>IDs of best hits in OG:
      1 ILRL2

>>>OG0000132 - 1 / 1
>Distribution of taxa in OG:
      1 HSA
>IDs of best hits in OG:
      1 IL1R1

>>>OG0000133 - 1 / 1
>Distribution of taxa in OG:
      1 HSA
>IDs of best hits in OG:
      1 I18RA

>>>OG0000134 - 1 / 1
>Distribution of taxa in OG:
      1 HSA
>IDs of best hits in OG:
      1 ILRL2

>>>OG0000135 - 1 / 1
>Distribution of taxa in OG:
      1 HSA
>IDs of best hits in OG:
      1 ILRL2

>>>OG0000136 - 1 / 1
>Distribution of taxa in OG:
      1 HSA
>IDs of best hits in OG:
      1 ILRL2

>>>OG0000137 - 1 / 1
>Distribution of taxa in OG:
      1 HSA
>IDs of best hits in OG:
      1 ILRL2

>>>OG0000138 - 1 / 1
>Distribution of taxa in OG:
      1 HSA
>IDs of best hits in OG:
      1 ILRL2

>>>OG0000139 - 1 / 1
>Distribution of taxa in OG:
      1 HSA
>IDs of best hits in OG:
      1 I18RA

>>>OG0000140 - 1 / 1
>Distribution of taxa in OG:
      1 HSA
>IDs of best hits in OG:
      1 I18RA

>>>OG0000141 - 1 / 1
>Distribution of taxa in OG:
      1 HSA
>IDs of best hits in OG:
      1 I18RA

>>>OG0000142 - 1 / 1
>Distribution of taxa in OG:
      1 HSA
>IDs of best hits in OG:
      1 I18RA

>>>OG0000143 - 1 / 1
>Distribution of taxa in OG:
      1 HSA
>IDs of best hits in OG:
      1 I18RA

>>>OG0000144 - 1 / 1
>Distribution of taxa in OG:
      1 HSA
>IDs of best hits in OG:
      1 IL18R

>>>OG0000145 - 1 / 1
>Distribution of taxa in OG:
      1 LLU
>IDs of best hits in OG:
      1 LRC40

>>>OG0000146 - 0 / 1
>Distribution of taxa in OG:
      1 LLU
>IDs of best hits in OG:

>>>OG0000147 - 1 / 1
>Distribution of taxa in OG:
      1 LLU
>IDs of best hits in OG:
      1 SCRIB

>>>OG0000148 - 1 / 1
>Distribution of taxa in OG:
      1 LLU
>IDs of best hits in OG:
      1 SLIT3

>>>OG0000149 - 1 / 1
>Distribution of taxa in OG:
      1 LLU
>IDs of best hits in OG:
      1 TLR4

>>>OG0000150 - 0 / 1
>Distribution of taxa in OG:
      1 LLU
>IDs of best hits in OG:

>>>OG0000151 - 1 / 1
>Distribution of taxa in OG:
      1 LLU
>IDs of best hits in OG:
      1 TRPM2

>>>OG0000152 - 1 / 1
>Distribution of taxa in OG:
      1 LAN
>IDs of best hits in OG:
      1 AKR2A

>>>OG0000153 - 1 / 1
>Distribution of taxa in OG:
      1 LAN
>IDs of best hits in OG:
      1 SECG

>>>OG0000154 - 1 / 1
>Distribution of taxa in OG:
      1 LAN
>IDs of best hits in OG:
      1 ANR28

>>>OG0000155 - 1 / 1
>Distribution of taxa in OG:
      1 LAN
>IDs of best hits in OG:
      1 ANR52

>>>OG0000156 - 1 / 1
>Distribution of taxa in OG:
      1 LAN
>IDs of best hits in OG:
      1 ANR52

>>>OG0000157 - 1 / 1
>Distribution of taxa in OG:
      1 LAN
>IDs of best hits in OG:
      1 ANR52

>>>OG0000158 - 1 / 1
>Distribution of taxa in OG:
      1 LAN
>IDs of best hits in OG:
      1 TRAF5

>>>OG0000159 - 0 / 1
>Distribution of taxa in OG:
      1 LAN
>IDs of best hits in OG:

>>>OG0000160 - 1 / 1
>Distribution of taxa in OG:
      1 LAN
>IDs of best hits in OG:
      1 TLR7

>>>OG0000161 - 1 / 1
>Distribution of taxa in OG:
      1 LAN
>IDs of best hits in OG:
      1 TLR7

>>>OG0000162 - 0 / 1
>Distribution of taxa in OG:
      1 LAN
>IDs of best hits in OG:

>>>OG0000163 - 1 / 1
>Distribution of taxa in OG:
      1 LAN
>IDs of best hits in OG:
      1 LRRC1

>>>OG0000164 - 0 / 1
>Distribution of taxa in OG:
      1 LAN
>IDs of best hits in OG:

>>>OG0000165 - 1 / 1
>Distribution of taxa in OG:
      1 LAN
>IDs of best hits in OG:
      1 SRMS

>>>OG0000166 - 1 / 1
>Distribution of taxa in OG:
      1 LAN
>IDs of best hits in OG:
      1 TLR3

>>>OG0000167 - 1 / 1
>Distribution of taxa in OG:
      1 LAN
>IDs of best hits in OG:
      1 TLR3

>>>OG0000168 - 0 / 1
>Distribution of taxa in OG:
      1 LAN
>IDs of best hits in OG:

>>>OG0000169 - 0 / 1
>Distribution of taxa in OG:
      1 LAN
>IDs of best hits in OG:

>>>OG0000170 - 1 / 1
>Distribution of taxa in OG:
      1 LAN
>IDs of best hits in OG:
      1 Y2800

>>>OG0000171 - 1 / 1
>Distribution of taxa in OG:
      1 LAN
>IDs of best hits in OG:
      1 TLR2

>>>OG0000172 - 1 / 1
>Distribution of taxa in OG:
      1 LAN
>IDs of best hits in OG:
      1 TLR2

>>>OG0000173 - 1 / 1
>Distribution of taxa in OG:
      1 LAN
>IDs of best hits in OG:
      1 ANK3

>>>OG0000174 - 1 / 1
>Distribution of taxa in OG:
      1 LAN
>IDs of best hits in OG:
      1 LRRC1

>>>OG0000175 - 1 / 1
>Distribution of taxa in OG:
      1 LAN
>IDs of best hits in OG:
      1 LRC58

>>>OG0000176 - 1 / 1
>Distribution of taxa in OG:
      1 LAN
>IDs of best hits in OG:
      1 ANR42

>>>OG0000177 - 1 / 1
>Distribution of taxa in OG:
      1 LAN
>IDs of best hits in OG:
      1 TLR7

>>>OG0000178 - 0 / 1
>Distribution of taxa in OG:
      1 LAN
>IDs of best hits in OG:

>>>OG0000179 - 0 / 1
>Distribution of taxa in OG:
      1 LAN
>IDs of best hits in OG:

>>>OG0000180 - 0 / 1
>Distribution of taxa in OG:
      1 LAN
>IDs of best hits in OG:

>>>OG0000181 - 0 / 1
>Distribution of taxa in OG:
      1 LAN
>IDs of best hits in OG:

>>>OG0000182 - 1 / 1
>Distribution of taxa in OG:
      1 LAN
>IDs of best hits in OG:
      1 SECG

>>>OG0000183 - 0 / 1
>Distribution of taxa in OG:
      1 LAN
>IDs of best hits in OG:

>>>OG0000184 - 1 / 1
>Distribution of taxa in OG:
      1 LAN
>IDs of best hits in OG:
      1 TLR3

>>>OG0000185 - 0 / 1
>Distribution of taxa in OG:
      1 LAN
>IDs of best hits in OG:

>>>OG0000186 - 1 / 1
>Distribution of taxa in OG:
      1 LAN
>IDs of best hits in OG:
      1 TOLL8

>>>OG0000187 - 1 / 1
>Distribution of taxa in OG:
      1 LAN
>IDs of best hits in OG:
      1 TLR3

>>>OG0000188 - 1 / 1
>Distribution of taxa in OG:
      1 LAN
>IDs of best hits in OG:
      1 TLR3

>>>OG0000189 - 0 / 1
>Distribution of taxa in OG:
      1 LAN
>IDs of best hits in OG:

>>>OG0000190 - 1 / 1
>Distribution of taxa in OG:
      1 LAN
>IDs of best hits in OG:
      1 TLR2

>>>OG0000191 - 0 / 1
>Distribution of taxa in OG:
      1 LAN
>IDs of best hits in OG:

>>>OG0000192 - 0 / 1
>Distribution of taxa in OG:
      1 LAN
>IDs of best hits in OG:

>>>OG0000193 - 1 / 1
>Distribution of taxa in OG:
      1 LAN
>IDs of best hits in OG:
      1 CELR2

>>>OG0000194 - 0 / 1
>Distribution of taxa in OG:
      1 LAN
>IDs of best hits in OG:

>>>OG0000195 - 1 / 1
>Distribution of taxa in OG:
      1 LAN
>IDs of best hits in OG:
      1 LRC39

>>>OG0000196 - 1 / 1
>Distribution of taxa in OG:
      1 LAN
>IDs of best hits in OG:
      1 TOLL8

>>>OG0000197 - 0 / 1
>Distribution of taxa in OG:
      1 LAN
>IDs of best hits in OG:

>>>OG0000198 - 1 / 1
>Distribution of taxa in OG:
      1 LAN
>IDs of best hits in OG:
      1 GABP1

>>>OG0000199 - 0 / 1
>Distribution of taxa in OG:
      1 LGI
>IDs of best hits in OG:

>>>OG0000200 - 1 / 1
>Distribution of taxa in OG:
      1 LGI
>IDs of best hits in OG:
      1 CPN2

>>>OG0000201 - 0 / 1
>Distribution of taxa in OG:
      1 LGI
>IDs of best hits in OG:

>>>OG0000202 - 0 / 1
>Distribution of taxa in OG:
      1 LGI
>IDs of best hits in OG:

>>>OG0000203 - 0 / 1
>Distribution of taxa in OG:
      1 LGI
>IDs of best hits in OG:

>>>OG0000204 - 0 / 1
>Distribution of taxa in OG:
      1 LGI
>IDs of best hits in OG:

>>>OG0000205 - 0 / 1
>Distribution of taxa in OG:
      1 LGI
>IDs of best hits in OG:

>>>OG0000206 - 0 / 1
>Distribution of taxa in OG:
      1 LGI
>IDs of best hits in OG:

>>>OG0000207 - 0 / 1
>Distribution of taxa in OG:
      1 MYE
>IDs of best hits in OG:

>>>OG0000208 - 0 / 1
>Distribution of taxa in OG:
      1 MYE
>IDs of best hits in OG:

>>>OG0000209 - 0 / 1
>Distribution of taxa in OG:
      1 MYE
>IDs of best hits in OG:

>>>OG0000210 - 1 / 1
>Distribution of taxa in OG:
      1 MPH
>IDs of best hits in OG:
      1 AL3A2

>>>OG0000211 - 1 / 1
>Distribution of taxa in OG:
      1 MPH
>IDs of best hits in OG:
      1 LRC15

>>>OG0000212 - 1 / 1
>Distribution of taxa in OG:
      1 MPH
>IDs of best hits in OG:
      1 TLR4

>>>OG0000213 - 0 / 1
>Distribution of taxa in OG:
      1 MPH
>IDs of best hits in OG:

>>>OG0000214 - 1 / 1
>Distribution of taxa in OG:
      1 MPH
>IDs of best hits in OG:
      1 TLR2

>>>OG0000215 - 1 / 1
>Distribution of taxa in OG:
      1 MPH
>IDs of best hits in OG:
      1 OSBL1

>>>OG0000216 - 0 / 1
>Distribution of taxa in OG:
      1 MPH
>IDs of best hits in OG:

>>>OG0000217 - 1 / 1
>Distribution of taxa in OG:
      1 MPH
>IDs of best hits in OG:
      1 TLR21

>>>OG0000218 - 0 / 1
>Distribution of taxa in OG:
      1 NGE
>IDs of best hits in OG:

>>>OG0000219 - 0 / 1
>Distribution of taxa in OG:
      1 PAU
>IDs of best hits in OG:

>>>OG0000220 - 0 / 1
>Distribution of taxa in OG:
      1 PAU
>IDs of best hits in OG:

